interactions:
- request:
    body: null
    headers:
      Accept:
      - '*/*'
      Accept-Encoding:
      - gzip, deflate
      Connection:
      - keep-alive
      Content-Type:
      - application/json
      User-Agent:
      - ms-fabric-cli-test/1.4.0
    method: GET
    uri: https://api.fabric.microsoft.com/v1/workspaces
  response:
    body:
      string: '{"value": [{"id": "3634a139-2c9e-4205-910b-3b089a31be47", "displayName":
        "My workspace", "description": "", "type": "Personal"}, {"id": "590197c8-bc5b-4bc7-ba01-35b6a22d190a",
        "displayName": "fabriccli_WorkspacePerTestclass_000001", "description": "Created
        by fab", "type": "Workspace", "capacityId": "00000000-0000-0000-0000-000000000004"}]}'
    headers:
      Access-Control-Expose-Headers:
      - RequestId
      Cache-Control:
      - no-store, must-revalidate, no-cache
      Content-Encoding:
      - gzip
      Content-Length:
      - '3233'
      Content-Type:
      - application/json; charset=utf-8
      Date:
      - Sun, 22 Feb 2026 12:36:48 GMT
      Pragma:
      - no-cache
      RequestId:
      - 01151a21-b99a-4a6e-b3ef-c493a8ebfb58
      Strict-Transport-Security:
      - max-age=31536000; includeSubDomains
      X-Content-Type-Options:
      - nosniff
      X-Frame-Options:
      - deny
      home-cluster-uri:
      - https://wabi-us-central-b-primary-redirect.analysis.windows.net/
      request-redirected:
      - 'true'
    status:
      code: 200
      message: OK
- request:
    body: null
    headers:
      Accept:
      - '*/*'
      Accept-Encoding:
      - gzip, deflate
      Connection:
      - keep-alive
      Content-Type:
      - application/json
      User-Agent:
      - ms-fabric-cli-test/1.4.0
    method: GET
    uri: https://api.fabric.microsoft.com/v1/workspaces/590197c8-bc5b-4bc7-ba01-35b6a22d190a/items
  response:
    body:
      string: '{"value": []}'
    headers:
      Access-Control-Expose-Headers:
      - RequestId
      Cache-Control:
      - no-store, must-revalidate, no-cache
      Content-Encoding:
      - gzip
      Content-Length:
      - '32'
      Content-Type:
      - application/json; charset=utf-8
      Date:
      - Sun, 22 Feb 2026 12:36:48 GMT
      Pragma:
      - no-cache
      RequestId:
      - 9363b996-cb9b-46c8-a444-2334dbfd4932
      Strict-Transport-Security:
      - max-age=31536000; includeSubDomains
      X-Content-Type-Options:
      - nosniff
      X-Frame-Options:
      - deny
      home-cluster-uri:
      - https://wabi-us-central-b-primary-redirect.analysis.windows.net/
      request-redirected:
      - 'true'
    status:
      code: 200
      message: OK
- request:
    body: null
    headers:
      Accept:
      - '*/*'
      Accept-Encoding:
      - gzip, deflate
      Connection:
      - keep-alive
      Content-Type:
      - application/json
      User-Agent:
      - ms-fabric-cli-test/1.4.0
    method: GET
    uri: https://api.fabric.microsoft.com/v1/workspaces/590197c8-bc5b-4bc7-ba01-35b6a22d190a/items
  response:
    body:
      string: '{"value": []}'
    headers:
      Access-Control-Expose-Headers:
      - RequestId
      Cache-Control:
      - no-store, must-revalidate, no-cache
      Content-Encoding:
      - gzip
      Content-Length:
      - '32'
      Content-Type:
      - application/json; charset=utf-8
      Date:
      - Sun, 22 Feb 2026 12:36:49 GMT
      Pragma:
      - no-cache
      RequestId:
      - 1d8231f7-b599-462f-abc0-9d70781efcd8
      Strict-Transport-Security:
      - max-age=31536000; includeSubDomains
      X-Content-Type-Options:
      - nosniff
      X-Frame-Options:
      - deny
      home-cluster-uri:
      - https://wabi-us-central-b-primary-redirect.analysis.windows.net/
      request-redirected:
      - 'true'
    status:
      code: 200
      message: OK
- request:
    body: '{"description": "Created by fab", "displayName": "fabcli000001", "type":
      "CosmosDBDatabase", "folderId": null}'
    headers:
      Accept:
      - '*/*'
      Accept-Encoding:
      - gzip, deflate
      Connection:
      - keep-alive
      Content-Length:
      - '114'
      Content-Type:
      - application/json
      User-Agent:
      - ms-fabric-cli-test/1.4.0
    method: POST
    uri: https://api.fabric.microsoft.com/v1/workspaces/590197c8-bc5b-4bc7-ba01-35b6a22d190a/cosmosDbDatabases
  response:
    body:
      string: 'null'
    headers:
      Access-Control-Expose-Headers:
      - RequestId,Location,Retry-After,ETag,x-ms-operation-id
      Cache-Control:
      - no-store, must-revalidate, no-cache
      Content-Encoding:
      - gzip
      Content-Length:
      - '24'
      Content-Type:
      - application/json; charset=utf-8
      Date:
      - Sun, 22 Feb 2026 12:36:50 GMT
      ETag:
      - '""'
      Location:
      - https://wabi-us-central-b-primary-redirect.analysis.windows.net/v1/operations/b75f069b-3b1f-490f-bab7-df470ee36580
      Pragma:
      - no-cache
      RequestId:
      - 3c055896-c88d-469f-90f2-626fc4e6c843
      Retry-After:
      - '20'
      Strict-Transport-Security:
      - max-age=31536000; includeSubDomains
      X-Content-Type-Options:
      - nosniff
      X-Frame-Options:
      - deny
      home-cluster-uri:
      - https://wabi-us-central-b-primary-redirect.analysis.windows.net/
      request-redirected:
      - 'true'
      x-ms-operation-id:
      - b75f069b-3b1f-490f-bab7-df470ee36580
    status:
      code: 202
      message: Accepted
- request:
    body: null
    headers:
      Accept:
      - '*/*'
      Accept-Encoding:
      - gzip, deflate
      Connection:
      - keep-alive
      Content-Type:
      - application/json
      User-Agent:
      - ms-fabric-cli-test/1.4.0
    method: GET
    uri: https://wabi-us-central-b-primary-redirect.analysis.windows.net/v1/operations/b75f069b-3b1f-490f-bab7-df470ee36580
  response:
    body:
      string: '{"status": "Succeeded", "createdTimeUtc": "2026-02-22T12:36:50.1622484",
        "lastUpdatedTimeUtc": "2026-02-22T12:37:06.2297456", "percentComplete": 100,
        "error": null}'
    headers:
      Access-Control-Expose-Headers:
      - RequestId,Location,x-ms-operation-id
      Cache-Control:
      - no-store, must-revalidate, no-cache
      Content-Encoding:
      - gzip
      Content-Length:
      - '133'
      Content-Type:
      - application/json; charset=utf-8
      Date:
      - Sun, 22 Feb 2026 12:37:11 GMT
      Location:
      - https://wabi-us-central-b-primary-redirect.analysis.windows.net/v1/operations/b75f069b-3b1f-490f-bab7-df470ee36580/result
      Pragma:
      - no-cache
      RequestId:
      - b628e213-9ad9-441d-a34f-ce5d58c2855a
      Strict-Transport-Security:
      - max-age=31536000; includeSubDomains
      X-Content-Type-Options:
      - nosniff
      X-Frame-Options:
      - deny
      x-ms-operation-id:
      - b75f069b-3b1f-490f-bab7-df470ee36580
    status:
      code: 200
      message: OK
- request:
    body: null
    headers:
      Accept:
      - '*/*'
      Accept-Encoding:
      - gzip, deflate
      Connection:
      - keep-alive
      Content-Type:
      - application/json
      User-Agent:
      - ms-fabric-cli-test/1.4.0
    method: GET
    uri: https://wabi-us-central-b-primary-redirect.analysis.windows.net/v1/operations/b75f069b-3b1f-490f-bab7-df470ee36580/result
  response:
    body:
      string: '{"id": "0674a10a-1a60-449c-9851-133acbdde42e", "type": "CosmosDBDatabase",
        "displayName": "fabcli000001", "description": "Created by fab", "workspaceId":
        "590197c8-bc5b-4bc7-ba01-35b6a22d190a"}'
    headers:
      Access-Control-Expose-Headers:
      - RequestId
      Cache-Control:
      - no-store, must-revalidate, no-cache
      Content-Encoding:
      - gzip
      Content-Type:
      - application/json
      Date:
      - Sun, 22 Feb 2026 12:37:12 GMT
      Pragma:
      - no-cache
      RequestId:
      - d6674acb-b263-4540-9de0-5378de1f73f9
      Strict-Transport-Security:
      - max-age=31536000; includeSubDomains
      Transfer-Encoding:
      - chunked
      X-Content-Type-Options:
      - nosniff
      X-Frame-Options:
      - deny
    status:
      code: 200
      message: OK
- request:
    body: null
    headers:
      Accept:
      - '*/*'
      Accept-Encoding:
      - gzip, deflate
      Connection:
      - keep-alive
      Content-Type:
      - application/json
      User-Agent:
      - ms-fabric-cli-test/1.4.0
    method: GET
    uri: https://api.fabric.microsoft.com/v1/workspaces
  response:
    body:
      string: '{"value": [{"id": "3634a139-2c9e-4205-910b-3b089a31be47", "displayName":
        "My workspace", "description": "", "type": "Personal"}, {"id": "590197c8-bc5b-4bc7-ba01-35b6a22d190a",
        "displayName": "fabriccli_WorkspacePerTestclass_000001", "description": "Created
        by fab", "type": "Workspace", "capacityId": "00000000-0000-0000-0000-000000000004"}]}'
    headers:
      Access-Control-Expose-Headers:
      - RequestId
      Cache-Control:
      - no-store, must-revalidate, no-cache
      Content-Encoding:
      - gzip
      Content-Length:
      - '3233'
      Content-Type:
      - application/json; charset=utf-8
      Date:
      - Sun, 22 Feb 2026 12:37:12 GMT
      Pragma:
      - no-cache
      RequestId:
      - d11b716f-60de-4cd2-98c4-9526f758b3e7
      Strict-Transport-Security:
      - max-age=31536000; includeSubDomains
      X-Content-Type-Options:
      - nosniff
      X-Frame-Options:
      - deny
      home-cluster-uri:
      - https://wabi-us-central-b-primary-redirect.analysis.windows.net/
      request-redirected:
      - 'true'
    status:
      code: 200
      message: OK
- request:
    body: null
    headers:
      Accept:
      - '*/*'
      Accept-Encoding:
      - gzip, deflate
      Connection:
      - keep-alive
      Content-Type:
      - application/json
      User-Agent:
      - ms-fabric-cli-test/1.4.0
    method: GET
    uri: https://api.fabric.microsoft.com/v1/workspaces/590197c8-bc5b-4bc7-ba01-35b6a22d190a/items
  response:
    body:
      string: '{"value": [{"id": "0674a10a-1a60-449c-9851-133acbdde42e", "type": "CosmosDBDatabase",
        "displayName": "fabcli000001", "description": "Created by fab", "workspaceId":
        "590197c8-bc5b-4bc7-ba01-35b6a22d190a"}]}'
    headers:
      Access-Control-Expose-Headers:
      - RequestId
      Cache-Control:
      - no-store, must-revalidate, no-cache
      Content-Encoding:
      - gzip
      Content-Length:
      - '182'
      Content-Type:
      - application/json; charset=utf-8
      Date:
      - Sun, 22 Feb 2026 12:37:12 GMT
      Pragma:
      - no-cache
      RequestId:
      - fe2dcb1d-fd9b-48fb-92e4-73a7608095ce
      Strict-Transport-Security:
      - max-age=31536000; includeSubDomains
      X-Content-Type-Options:
      - nosniff
      X-Frame-Options:
      - deny
      home-cluster-uri:
      - https://wabi-us-central-b-primary-redirect.analysis.windows.net/
      request-redirected:
      - 'true'
    status:
      code: 200
      message: OK
- request:
    body: null
    headers:
      Accept:
      - '*/*'
      Accept-Encoding:
      - gzip, deflate
      Connection:
      - keep-alive
      Content-Type:
      - application/json
      User-Agent:
      - ms-fabric-cli-test/1.4.0
    method: GET
    uri: https://api.fabric.microsoft.com/v1/workspaces
  response:
    body:
      string: '{"value": [{"id": "3634a139-2c9e-4205-910b-3b089a31be47", "displayName":
        "My workspace", "description": "", "type": "Personal"}, {"id": "590197c8-bc5b-4bc7-ba01-35b6a22d190a",
        "displayName": "fabriccli_WorkspacePerTestclass_000001", "description": "Created
        by fab", "type": "Workspace", "capacityId": "00000000-0000-0000-0000-000000000004"}]}'
    headers:
      Access-Control-Expose-Headers:
      - RequestId
      Cache-Control:
      - no-store, must-revalidate, no-cache
      Content-Encoding:
      - gzip
      Content-Length:
      - '3233'
      Content-Type:
      - application/json; charset=utf-8
      Date:
      - Sun, 22 Feb 2026 12:37:13 GMT
      Pragma:
      - no-cache
      RequestId:
      - bbfd5fbc-c2fc-4c9f-9897-04d4e512dbfe
      Strict-Transport-Security:
      - max-age=31536000; includeSubDomains
      X-Content-Type-Options:
      - nosniff
      X-Frame-Options:
      - deny
      home-cluster-uri:
      - https://wabi-us-central-b-primary-redirect.analysis.windows.net/
      request-redirected:
      - 'true'
    status:
      code: 200
      message: OK
- request:
    body: null
    headers:
      Accept:
      - '*/*'
      Accept-Encoding:
      - gzip, deflate
      Connection:
      - keep-alive
      Content-Type:
      - application/json
      User-Agent:
      - ms-fabric-cli-test/1.4.0
    method: GET
    uri: https://api.fabric.microsoft.com/v1/workspaces/590197c8-bc5b-4bc7-ba01-35b6a22d190a/items
  response:
    body:
      string: '{"value": [{"id": "0674a10a-1a60-449c-9851-133acbdde42e", "type": "CosmosDBDatabase",
        "displayName": "fabcli000001", "description": "Created by fab", "workspaceId":
        "590197c8-bc5b-4bc7-ba01-35b6a22d190a"}]}'
    headers:
      Access-Control-Expose-Headers:
      - RequestId
      Cache-Control:
      - no-store, must-revalidate, no-cache
      Content-Encoding:
      - gzip
      Content-Length:
      - '182'
      Content-Type:
      - application/json; charset=utf-8
      Date:
      - Sun, 22 Feb 2026 12:37:13 GMT
      Pragma:
      - no-cache
      RequestId:
      - ce389822-cd99-474b-af5b-f63cd2b5adbf
      Strict-Transport-Security:
      - max-age=31536000; includeSubDomains
      X-Content-Type-Options:
      - nosniff
      X-Frame-Options:
      - deny
      home-cluster-uri:
      - https://wabi-us-central-b-primary-redirect.analysis.windows.net/
      request-redirected:
      - 'true'
    status:
      code: 200
      message: OK
- request:
    body: null
    headers:
      Accept:
      - '*/*'
      Accept-Encoding:
      - gzip, deflate
      Connection:
      - keep-alive
      Content-Length:
      - '0'
      Content-Type:
      - application/json
      User-Agent:
      - ms-fabric-cli-test/1.4.0
    method: DELETE
    uri: https://api.fabric.microsoft.com/v1/workspaces/590197c8-bc5b-4bc7-ba01-35b6a22d190a/items/0674a10a-1a60-449c-9851-133acbdde42e
  response:
    body:
      string: ''
    headers:
      Access-Control-Expose-Headers:
      - RequestId
      Cache-Control:
      - no-store, must-revalidate, no-cache
      Content-Encoding:
      - gzip
      Content-Length:
      - '0'
      Content-Type:
      - application/octet-stream
      Date:
      - Sun, 22 Feb 2026 12:37:13 GMT
      Pragma:
      - no-cache
      RequestId:
      - a844fe15-30b1-48b4-95ec-b84e4636fae8
      Strict-Transport-Security:
      - max-age=31536000; includeSubDomains
      X-Content-Type-Options:
      - nosniff
      X-Frame-Options:
      - deny
      home-cluster-uri:
      - https://wabi-us-central-b-primary-redirect.analysis.windows.net/
      request-redirected:
      - 'true'
    status:
      code: 200
      message: OK
version: 1
