interactions:
- request:
    body: null
    headers:
      Accept:
      - '*/*'
      Accept-Encoding:
      - gzip, deflate
      Connection:
      - keep-alive
      Content-Type:
      - application/json
      User-Agent:
      - ms-fabric-cli-test/1.4.0
    method: GET
    uri: https://api.fabric.microsoft.com/v1/workspaces
  response:
    body:
      string: '{"value": [{"id": "3634a139-2c9e-4205-910b-3b089a31be47", "displayName":
        "My workspace", "description": "", "type": "Personal"}, {"id": "590197c8-bc5b-4bc7-ba01-35b6a22d190a",
        "displayName": "fabriccli_WorkspacePerTestclass_000001", "description": "Created
        by fab", "type": "Workspace", "capacityId": "00000000-0000-0000-0000-000000000004"}]}'
    headers:
      Access-Control-Expose-Headers:
      - RequestId
      Cache-Control:
      - no-store, must-revalidate, no-cache
      Content-Encoding:
      - gzip
      Content-Length:
      - '3233'
      Content-Type:
      - application/json; charset=utf-8
      Date:
      - Sun, 22 Feb 2026 12:37:14 GMT
      Pragma:
      - no-cache
      RequestId:
      - 775f78d9-a2bd-42fe-bb4f-b777b4749e19
      Strict-Transport-Security:
      - max-age=31536000; includeSubDomains
      X-Content-Type-Options:
      - nosniff
      X-Frame-Options:
      - deny
      home-cluster-uri:
      - https://wabi-us-central-b-primary-redirect.analysis.windows.net/
      request-redirected:
      - 'true'
    status:
      code: 200
      message: OK
- request:
    body: null
    headers:
      Accept:
      - '*/*'
      Accept-Encoding:
      - gzip, deflate
      Connection:
      - keep-alive
      Content-Type:
      - application/json
      User-Agent:
      - ms-fabric-cli-test/1.4.0
    method: GET
    uri: https://api.fabric.microsoft.com/v1/workspaces/590197c8-bc5b-4bc7-ba01-35b6a22d190a/items
  response:
    body:
      string: '{"value": []}'
    headers:
      Access-Control-Expose-Headers:
      - RequestId
      Cache-Control:
      - no-store, must-revalidate, no-cache
      Content-Encoding:
      - gzip
      Content-Length:
      - '32'
      Content-Type:
      - application/json; charset=utf-8
      Date:
      - Sun, 22 Feb 2026 12:37:14 GMT
      Pragma:
      - no-cache
      RequestId:
      - bd9dff95-b4c0-4f17-916b-6af446302003
      Strict-Transport-Security:
      - max-age=31536000; includeSubDomains
      X-Content-Type-Options:
      - nosniff
      X-Frame-Options:
      - deny
      home-cluster-uri:
      - https://wabi-us-central-b-primary-redirect.analysis.windows.net/
      request-redirected:
      - 'true'
    status:
      code: 200
      message: OK
- request:
    body: null
    headers:
      Accept:
      - '*/*'
      Accept-Encoding:
      - gzip, deflate
      Connection:
      - keep-alive
      Content-Type:
      - application/json
      User-Agent:
      - ms-fabric-cli-test/1.4.0
    method: GET
    uri: https://api.fabric.microsoft.com/v1/workspaces/590197c8-bc5b-4bc7-ba01-35b6a22d190a/items
  response:
    body:
      string: '{"value": []}'
    headers:
      Access-Control-Expose-Headers:
      - RequestId
      Cache-Control:
      - no-store, must-revalidate, no-cache
      Content-Encoding:
      - gzip
      Content-Length:
      - '32'
      Content-Type:
      - application/json; charset=utf-8
      Date:
      - Sun, 22 Feb 2026 12:37:15 GMT
      Pragma:
      - no-cache
      RequestId:
      - de4f13ca-9a5e-44d0-a55b-d277ca28b7b5
      Strict-Transport-Security:
      - max-age=31536000; includeSubDomains
      X-Content-Type-Options:
      - nosniff
      X-Frame-Options:
      - deny
      home-cluster-uri:
      - https://wabi-us-central-b-primary-redirect.analysis.windows.net/
      request-redirected:
      - 'true'
    status:
      code: 200
      message: OK
- request:
    body: '{"description": "Created by fab", "displayName": "fabcli000001", "type":
      "UserDataFunction", "folderId": null}'
    headers:
      Accept:
      - '*/*'
      Accept-Encoding:
      - gzip, deflate
      Connection:
      - keep-alive
      Content-Length:
      - '114'
      Content-Type:
      - application/json
      User-Agent:
      - ms-fabric-cli-test/1.4.0
    method: POST
    uri: https://api.fabric.microsoft.com/v1/workspaces/590197c8-bc5b-4bc7-ba01-35b6a22d190a/userdatafunctions
  response:
    body:
      string: '{"id": "675668ba-f23d-44c9-8d4b-4d9b91aafb6b", "type": "UserDataFunction",
        "displayName": "fabcli000001", "description": "Created by fab", "workspaceId":
        "590197c8-bc5b-4bc7-ba01-35b6a22d190a"}'
    headers:
      Access-Control-Expose-Headers:
      - RequestId,ETag
      Cache-Control:
      - no-store, must-revalidate, no-cache
      Content-Encoding:
      - gzip
      Content-Length:
      - '172'
      Content-Type:
      - application/json; charset=utf-8
      Date:
      - Sun, 22 Feb 2026 12:37:18 GMT
      ETag:
      - '""'
      Pragma:
      - no-cache
      RequestId:
      - 898d285c-a38c-45a1-b910-0c5e2236063d
      Strict-Transport-Security:
      - max-age=31536000; includeSubDomains
      X-Content-Type-Options:
      - nosniff
      X-Frame-Options:
      - deny
      home-cluster-uri:
      - https://wabi-us-central-b-primary-redirect.analysis.windows.net/
      request-redirected:
      - 'true'
    status:
      code: 201
      message: Created
- request:
    body: null
    headers:
      Accept:
      - '*/*'
      Accept-Encoding:
      - gzip, deflate
      Connection:
      - keep-alive
      Content-Type:
      - application/json
      User-Agent:
      - ms-fabric-cli-test/1.4.0
    method: GET
    uri: https://api.fabric.microsoft.com/v1/workspaces
  response:
    body:
      string: '{"value": [{"id": "3634a139-2c9e-4205-910b-3b089a31be47", "displayName":
        "My workspace", "description": "", "type": "Personal"}, {"id": "590197c8-bc5b-4bc7-ba01-35b6a22d190a",
        "displayName": "fabriccli_WorkspacePerTestclass_000001", "description": "Created
        by fab", "type": "Workspace", "capacityId": "00000000-0000-0000-0000-000000000004"}]}'
    headers:
      Access-Control-Expose-Headers:
      - RequestId
      Cache-Control:
      - no-store, must-revalidate, no-cache
      Content-Encoding:
      - gzip
      Content-Length:
      - '3233'
      Content-Type:
      - application/json; charset=utf-8
      Date:
      - Sun, 22 Feb 2026 12:37:18 GMT
      Pragma:
      - no-cache
      RequestId:
      - a547a4e1-4e93-4d5f-8173-9937aa90d2d4
      Strict-Transport-Security:
      - max-age=31536000; includeSubDomains
      X-Content-Type-Options:
      - nosniff
      X-Frame-Options:
      - deny
      home-cluster-uri:
      - https://wabi-us-central-b-primary-redirect.analysis.windows.net/
      request-redirected:
      - 'true'
    status:
      code: 200
      message: OK
- request:
    body: null
    headers:
      Accept:
      - '*/*'
      Accept-Encoding:
      - gzip, deflate
      Connection:
      - keep-alive
      Content-Type:
      - application/json
      User-Agent:
      - ms-fabric-cli-test/1.4.0
    method: GET
    uri: https://api.fabric.microsoft.com/v1/workspaces/590197c8-bc5b-4bc7-ba01-35b6a22d190a/items
  response:
    body:
      string: '{"value": [{"id": "675668ba-f23d-44c9-8d4b-4d9b91aafb6b", "type": "UserDataFunction",
        "displayName": "fabcli000001", "description": "Created by fab", "workspaceId":
        "590197c8-bc5b-4bc7-ba01-35b6a22d190a"}]}'
    headers:
      Access-Control-Expose-Headers:
      - RequestId
      Cache-Control:
      - no-store, must-revalidate, no-cache
      Content-Encoding:
      - gzip
      Content-Length:
      - '184'
      Content-Type:
      - application/json; charset=utf-8
      Date:
      - Sun, 22 Feb 2026 12:37:19 GMT
      Pragma:
      - no-cache
      RequestId:
      - 3c6a6c85-be50-49f3-a9a1-11a2b9a0f22d
      Strict-Transport-Security:
      - max-age=31536000; includeSubDomains
      X-Content-Type-Options:
      - nosniff
      X-Frame-Options:
      - deny
      home-cluster-uri:
      - https://wabi-us-central-b-primary-redirect.analysis.windows.net/
      request-redirected:
      - 'true'
    status:
      code: 200
      message: OK
- request:
    body: null
    headers:
      Accept:
      - '*/*'
      Accept-Encoding:
      - gzip, deflate
      Connection:
      - keep-alive
      Content-Type:
      - application/json
      User-Agent:
      - ms-fabric-cli-test/1.4.0
    method: GET
    uri: https://api.fabric.microsoft.com/v1/workspaces
  response:
    body:
      string: '{"value": [{"id": "3634a139-2c9e-4205-910b-3b089a31be47", "displayName":
        "My workspace", "description": "", "type": "Personal"}, {"id": "590197c8-bc5b-4bc7-ba01-35b6a22d190a",
        "displayName": "fabriccli_WorkspacePerTestclass_000001", "description": "Created
        by fab", "type": "Workspace", "capacityId": "00000000-0000-0000-0000-000000000004"}]}'
    headers:
      Access-Control-Expose-Headers:
      - RequestId
      Cache-Control:
      - no-store, must-revalidate, no-cache
      Content-Encoding:
      - gzip
      Content-Length:
      - '3233'
      Content-Type:
      - application/json; charset=utf-8
      Date:
      - Sun, 22 Feb 2026 12:37:19 GMT
      Pragma:
      - no-cache
      RequestId:
      - 8944cac1-5282-40cb-a4ef-52106a66da06
      Strict-Transport-Security:
      - max-age=31536000; includeSubDomains
      X-Content-Type-Options:
      - nosniff
      X-Frame-Options:
      - deny
      home-cluster-uri:
      - https://wabi-us-central-b-primary-redirect.analysis.windows.net/
      request-redirected:
      - 'true'
    status:
      code: 200
      message: OK
- request:
    body: null
    headers:
      Accept:
      - '*/*'
      Accept-Encoding:
      - gzip, deflate
      Connection:
      - keep-alive
      Content-Type:
      - application/json
      User-Agent:
      - ms-fabric-cli-test/1.4.0
    method: GET
    uri: https://api.fabric.microsoft.com/v1/workspaces/590197c8-bc5b-4bc7-ba01-35b6a22d190a/items
  response:
    body:
      string: '{"value": [{"id": "675668ba-f23d-44c9-8d4b-4d9b91aafb6b", "type": "UserDataFunction",
        "displayName": "fabcli000001", "description": "Created by fab", "workspaceId":
        "590197c8-bc5b-4bc7-ba01-35b6a22d190a"}]}'
    headers:
      Access-Control-Expose-Headers:
      - RequestId
      Cache-Control:
      - no-store, must-revalidate, no-cache
      Content-Encoding:
      - gzip
      Content-Length:
      - '184'
      Content-Type:
      - application/json; charset=utf-8
      Date:
      - Sun, 22 Feb 2026 12:37:20 GMT
      Pragma:
      - no-cache
      RequestId:
      - c6f27632-0dcf-40bd-970c-8015da56d4be
      Strict-Transport-Security:
      - max-age=31536000; includeSubDomains
      X-Content-Type-Options:
      - nosniff
      X-Frame-Options:
      - deny
      home-cluster-uri:
      - https://wabi-us-central-b-primary-redirect.analysis.windows.net/
      request-redirected:
      - 'true'
    status:
      code: 200
      message: OK
- request:
    body: null
    headers:
      Accept:
      - '*/*'
      Accept-Encoding:
      - gzip, deflate
      Connection:
      - keep-alive
      Content-Length:
      - '0'
      Content-Type:
      - application/json
      User-Agent:
      - ms-fabric-cli-test/1.4.0
    method: DELETE
    uri: https://api.fabric.microsoft.com/v1/workspaces/590197c8-bc5b-4bc7-ba01-35b6a22d190a/items/675668ba-f23d-44c9-8d4b-4d9b91aafb6b
  response:
    body:
      string: ''
    headers:
      Access-Control-Expose-Headers:
      - RequestId
      Cache-Control:
      - no-store, must-revalidate, no-cache
      Content-Encoding:
      - gzip
      Content-Length:
      - '0'
      Content-Type:
      - application/octet-stream
      Date:
      - Sun, 22 Feb 2026 12:37:20 GMT
      Pragma:
      - no-cache
      RequestId:
      - af4331a0-e61c-4574-b1d5-7840ff03493e
      Strict-Transport-Security:
      - max-age=31536000; includeSubDomains
      X-Content-Type-Options:
      - nosniff
      X-Frame-Options:
      - deny
      home-cluster-uri:
      - https://wabi-us-central-b-primary-redirect.analysis.windows.net/
      request-redirected:
      - 'true'
    status:
      code: 200
      message: OK
version: 1
