interactions:
- request:
    body: null
    headers:
      Accept:
      - '*/*'
      Accept-Encoding:
      - gzip, deflate
      Connection:
      - keep-alive
      Content-Type:
      - application/json
      User-Agent:
      - ms-fabric-cli-test/1.4.0
    method: GET
    uri: https://api.fabric.microsoft.com/v1/workspaces
  response:
    body:
      string: '{"value": [{"id": "3634a139-2c9e-4205-910b-3b089a31be47", "displayName":
        "My workspace", "description": "", "type": "Personal"}, {"id": "0f620d12-9ef7-4cea-ade5-731902c8cc93",
        "displayName": "fabriccli_WorkspacePerTestclass_000001", "description": "Created
        by fab", "type": "Workspace", "capacityId": "00000000-0000-0000-0000-000000000004"}]}'
    headers:
      Access-Control-Expose-Headers:
      - RequestId
      Cache-Control:
      - no-store, must-revalidate, no-cache
      Content-Encoding:
      - gzip
      Content-Length:
      - '3232'
      Content-Type:
      - application/json; charset=utf-8
      Date:
      - Sun, 22 Feb 2026 13:15:36 GMT
      Pragma:
      - no-cache
      RequestId:
      - 7133ff21-a868-40f8-a3e0-6cf9db4aedd8
      Strict-Transport-Security:
      - max-age=31536000; includeSubDomains
      X-Content-Type-Options:
      - nosniff
      X-Frame-Options:
      - deny
      home-cluster-uri:
      - https://wabi-us-central-b-primary-redirect.analysis.windows.net/
      request-redirected:
      - 'true'
    status:
      code: 200
      message: OK
- request:
    body: null
    headers:
      Accept:
      - '*/*'
      Accept-Encoding:
      - gzip, deflate
      Connection:
      - keep-alive
      Content-Type:
      - application/json
      User-Agent:
      - ms-fabric-cli-test/1.4.0
    method: GET
    uri: https://api.fabric.microsoft.com/v1/workspaces/0f620d12-9ef7-4cea-ade5-731902c8cc93/items
  response:
    body:
      string: '{"value": []}'
    headers:
      Access-Control-Expose-Headers:
      - RequestId
      Cache-Control:
      - no-store, must-revalidate, no-cache
      Content-Encoding:
      - gzip
      Content-Length:
      - '32'
      Content-Type:
      - application/json; charset=utf-8
      Date:
      - Sun, 22 Feb 2026 13:15:36 GMT
      Pragma:
      - no-cache
      RequestId:
      - 1cda3e12-1117-45c0-a7c0-38fded24ed2c
      Strict-Transport-Security:
      - max-age=31536000; includeSubDomains
      X-Content-Type-Options:
      - nosniff
      X-Frame-Options:
      - deny
      home-cluster-uri:
      - https://wabi-us-central-b-primary-redirect.analysis.windows.net/
      request-redirected:
      - 'true'
    status:
      code: 200
      message: OK
- request:
    body: null
    headers:
      Accept:
      - '*/*'
      Accept-Encoding:
      - gzip, deflate
      Connection:
      - keep-alive
      Content-Type:
      - application/json
      User-Agent:
      - ms-fabric-cli-test/1.4.0
    method: GET
    uri: https://api.fabric.microsoft.com/v1/workspaces/0f620d12-9ef7-4cea-ade5-731902c8cc93/items
  response:
    body:
      string: '{"value": []}'
    headers:
      Access-Control-Expose-Headers:
      - RequestId
      Cache-Control:
      - no-store, must-revalidate, no-cache
      Content-Encoding:
      - gzip
      Content-Length:
      - '32'
      Content-Type:
      - application/json; charset=utf-8
      Date:
      - Sun, 22 Feb 2026 13:15:36 GMT
      Pragma:
      - no-cache
      RequestId:
      - af6413a8-a613-4165-8815-c0630efab2ab
      Strict-Transport-Security:
      - max-age=31536000; includeSubDomains
      X-Content-Type-Options:
      - nosniff
      X-Frame-Options:
      - deny
      home-cluster-uri:
      - https://wabi-us-central-b-primary-redirect.analysis.windows.net/
      request-redirected:
      - 'true'
    status:
      code: 200
      message: OK
- request:
    body: '{"description": "Created by fab", "displayName": "fabcli000001", "type":
      "Notebook", "folderId": null, "definition": {"parts": [{"path": "notebook-content.py",
      "payload": "IyBGYWJyaWMgbm90ZWJvb2sgc291cmNlCgojIE1FVEFEQVRBICoqKioqKioqKioqKioqKioqKioqCgojIE1FVEEgewojIE1FVEEgICAia2VybmVsX2luZm8iOiB7CiMgTUVUQSAgICAgIm5hbWUiOiAic3luYXBzZV9weXNwYXJrIgojIE1FVEEgICB9LAojIE1FVEEgICAiZGVwZW5kZW5jaWVzIjoge30KIyBNRVRBIH0KCiMgQ0VMTCAqKioqKioqKioqKioqKioqKioqKgoKIyBXZWxjb21lIHRvIHlvdXIgbmV3IG5vdGVib29rCiMgVHlwZSBoZXJlIGluIHRoZSBjZWxsIGVkaXRvciB0byBhZGQgY29kZSEKCgojIE1FVEFEQVRBICoqKioqKioqKioqKioqKioqKioqCgojIE1FVEEgewojIE1FVEEgICAibGFuZ3VhZ2UiOiAicHl0aG9uIiwKIyBNRVRBICAgImxhbmd1YWdlX2dyb3VwIjogInN5bmFwc2VfcHlzcGFyayIKIyBNRVRBIH0K",
      "payloadType": "InlineBase64"}]}}'
    headers:
      Accept:
      - '*/*'
      Accept-Encoding:
      - gzip, deflate
      Connection:
      - keep-alive
      Content-Length:
      - '764'
      Content-Type:
      - application/json
      User-Agent:
      - ms-fabric-cli-test/1.4.0
    method: POST
    uri: https://api.fabric.microsoft.com/v1/workspaces/0f620d12-9ef7-4cea-ade5-731902c8cc93/notebooks
  response:
    body:
      string: 'null'
    headers:
      Access-Control-Expose-Headers:
      - RequestId,Location,Retry-After,ETag,x-ms-operation-id
      Cache-Control:
      - no-store, must-revalidate, no-cache
      Content-Encoding:
      - gzip
      Content-Length:
      - '24'
      Content-Type:
      - application/json; charset=utf-8
      Date:
      - Sun, 22 Feb 2026 13:15:37 GMT
      ETag:
      - '""'
      Location:
      - https://wabi-us-central-b-primary-redirect.analysis.windows.net/v1/operations/fcca1c8e-752c-4f6c-9dab-0fcccde4054d
      Pragma:
      - no-cache
      RequestId:
      - b89e0ad0-45ca-4dd8-b928-b977d6ec2888
      Retry-After:
      - '20'
      Strict-Transport-Security:
      - max-age=31536000; includeSubDomains
      X-Content-Type-Options:
      - nosniff
      X-Frame-Options:
      - deny
      home-cluster-uri:
      - https://wabi-us-central-b-primary-redirect.analysis.windows.net/
      request-redirected:
      - 'true'
      x-ms-operation-id:
      - fcca1c8e-752c-4f6c-9dab-0fcccde4054d
    status:
      code: 202
      message: Accepted
- request:
    body: null
    headers:
      Accept:
      - '*/*'
      Accept-Encoding:
      - gzip, deflate
      Connection:
      - keep-alive
      Content-Type:
      - application/json
      User-Agent:
      - ms-fabric-cli-test/1.4.0
    method: GET
    uri: https://wabi-us-central-b-primary-redirect.analysis.windows.net/v1/operations/fcca1c8e-752c-4f6c-9dab-0fcccde4054d
  response:
    body:
      string: '{"status": "Succeeded", "createdTimeUtc": "2026-02-22T13:15:38.1224645",
        "lastUpdatedTimeUtc": "2026-02-22T13:15:38.9662227", "percentComplete": 100,
        "error": null}'
    headers:
      Access-Control-Expose-Headers:
      - RequestId,Location,x-ms-operation-id
      Cache-Control:
      - no-store, must-revalidate, no-cache
      Content-Encoding:
      - gzip
      Content-Length:
      - '130'
      Content-Type:
      - application/json; charset=utf-8
      Date:
      - Sun, 22 Feb 2026 13:15:58 GMT
      Location:
      - https://wabi-us-central-b-primary-redirect.analysis.windows.net/v1/operations/fcca1c8e-752c-4f6c-9dab-0fcccde4054d/result
      Pragma:
      - no-cache
      RequestId:
      - b5061a25-75f8-41b5-bbd2-8b4a59c48a8a
      Strict-Transport-Security:
      - max-age=31536000; includeSubDomains
      X-Content-Type-Options:
      - nosniff
      X-Frame-Options:
      - deny
      x-ms-operation-id:
      - fcca1c8e-752c-4f6c-9dab-0fcccde4054d
    status:
      code: 200
      message: OK
- request:
    body: null
    headers:
      Accept:
      - '*/*'
      Accept-Encoding:
      - gzip, deflate
      Connection:
      - keep-alive
      Content-Type:
      - application/json
      User-Agent:
      - ms-fabric-cli-test/1.4.0
    method: GET
    uri: https://wabi-us-central-b-primary-redirect.analysis.windows.net/v1/operations/fcca1c8e-752c-4f6c-9dab-0fcccde4054d/result
  response:
    body:
      string: '{"id": "87afc308-d49b-4d93-8cea-15307472b216", "type": "Notebook",
        "displayName": "fabcli000001", "description": "Created by fab", "workspaceId":
        "0f620d12-9ef7-4cea-ade5-731902c8cc93"}'
    headers:
      Access-Control-Expose-Headers:
      - RequestId
      Cache-Control:
      - no-store, must-revalidate, no-cache
      Content-Encoding:
      - gzip
      Content-Type:
      - application/json
      Date:
      - Sun, 22 Feb 2026 13:15:58 GMT
      Pragma:
      - no-cache
      RequestId:
      - 19ded326-0696-4228-952f-8ade7b6baa3c
      Strict-Transport-Security:
      - max-age=31536000; includeSubDomains
      Transfer-Encoding:
      - chunked
      X-Content-Type-Options:
      - nosniff
      X-Frame-Options:
      - deny
    status:
      code: 200
      message: OK
- request:
    body: null
    headers:
      Accept:
      - '*/*'
      Accept-Encoding:
      - gzip, deflate
      Connection:
      - keep-alive
      Content-Type:
      - application/json
      User-Agent:
      - ms-fabric-cli-test/1.4.0
    method: GET
    uri: https://api.fabric.microsoft.com/v1/workspaces
  response:
    body:
      string: '{"value": [{"id": "3634a139-2c9e-4205-910b-3b089a31be47", "displayName":
        "My workspace", "description": "", "type": "Personal"}, {"id": "0f620d12-9ef7-4cea-ade5-731902c8cc93",
        "displayName": "fabriccli_WorkspacePerTestclass_000001", "description": "Created
        by fab", "type": "Workspace", "capacityId": "00000000-0000-0000-0000-000000000004"}]}'
    headers:
      Access-Control-Expose-Headers:
      - RequestId
      Cache-Control:
      - no-store, must-revalidate, no-cache
      Content-Encoding:
      - gzip
      Content-Length:
      - '3232'
      Content-Type:
      - application/json; charset=utf-8
      Date:
      - Sun, 22 Feb 2026 13:15:59 GMT
      Pragma:
      - no-cache
      RequestId:
      - ba1668ab-693e-4117-882a-d75e93b6100c
      Strict-Transport-Security:
      - max-age=31536000; includeSubDomains
      X-Content-Type-Options:
      - nosniff
      X-Frame-Options:
      - deny
      home-cluster-uri:
      - https://wabi-us-central-b-primary-redirect.analysis.windows.net/
      request-redirected:
      - 'true'
    status:
      code: 200
      message: OK
- request:
    body: null
    headers:
      Accept:
      - '*/*'
      Accept-Encoding:
      - gzip, deflate
      Connection:
      - keep-alive
      Content-Type:
      - application/json
      User-Agent:
      - ms-fabric-cli-test/1.4.0
    method: GET
    uri: https://api.fabric.microsoft.com/v1/workspaces/0f620d12-9ef7-4cea-ade5-731902c8cc93/items
  response:
    body:
      string: '{"value": [{"id": "87afc308-d49b-4d93-8cea-15307472b216", "type": "Notebook",
        "displayName": "fabcli000001", "description": "Created by fab", "workspaceId":
        "0f620d12-9ef7-4cea-ade5-731902c8cc93"}]}'
    headers:
      Access-Control-Expose-Headers:
      - RequestId
      Cache-Control:
      - no-store, must-revalidate, no-cache
      Content-Encoding:
      - gzip
      Content-Length:
      - '177'
      Content-Type:
      - application/json; charset=utf-8
      Date:
      - Sun, 22 Feb 2026 13:15:59 GMT
      Pragma:
      - no-cache
      RequestId:
      - dece7a93-876b-4b10-890b-0c02177f2b76
      Strict-Transport-Security:
      - max-age=31536000; includeSubDomains
      X-Content-Type-Options:
      - nosniff
      X-Frame-Options:
      - deny
      home-cluster-uri:
      - https://wabi-us-central-b-primary-redirect.analysis.windows.net/
      request-redirected:
      - 'true'
    status:
      code: 200
      message: OK
- request:
    body: null
    headers:
      Accept:
      - '*/*'
      Accept-Encoding:
      - gzip, deflate
      Connection:
      - keep-alive
      Content-Type:
      - application/json
      User-Agent:
      - ms-fabric-cli-test/1.4.0
    method: GET
    uri: https://api.fabric.microsoft.com/v1/workspaces/0f620d12-9ef7-4cea-ade5-731902c8cc93/items/87afc308-d49b-4d93-8cea-15307472b216
  response:
    body:
      string: '{"id": "87afc308-d49b-4d93-8cea-15307472b216", "type": "Notebook",
        "displayName": "fabcli000001", "description": "Created by fab", "workspaceId":
        "0f620d12-9ef7-4cea-ade5-731902c8cc93"}'
    headers:
      Access-Control-Expose-Headers:
      - RequestId,ETag
      Cache-Control:
      - no-store, must-revalidate, no-cache
      Content-Encoding:
      - gzip
      Content-Length:
      - '165'
      Content-Type:
      - application/json; charset=utf-8
      Date:
      - Sun, 22 Feb 2026 13:16:00 GMT
      ETag:
      - '""'
      Pragma:
      - no-cache
      RequestId:
      - 9d8ea01a-8bb6-4419-a55c-3bd6d997c589
      Strict-Transport-Security:
      - max-age=31536000; includeSubDomains
      X-Content-Type-Options:
      - nosniff
      X-Frame-Options:
      - deny
      home-cluster-uri:
      - https://wabi-us-central-b-primary-redirect.analysis.windows.net/
      request-redirected:
      - 'true'
    status:
      code: 200
      message: OK
- request:
    body: null
    headers:
      Accept:
      - '*/*'
      Accept-Encoding:
      - gzip, deflate
      Connection:
      - keep-alive
      Content-Length:
      - '0'
      Content-Type:
      - application/json
      User-Agent:
      - ms-fabric-cli-test/1.4.0
    method: POST
    uri: https://api.fabric.microsoft.com/v1/workspaces/0f620d12-9ef7-4cea-ade5-731902c8cc93/items/87afc308-d49b-4d93-8cea-15307472b216/getDefinition?format=ipynb
  response:
    body:
      string: 'null'
    headers:
      Access-Control-Expose-Headers:
      - RequestId,Location,Retry-After,x-ms-operation-id
      Cache-Control:
      - no-store, must-revalidate, no-cache
      Content-Encoding:
      - gzip
      Content-Length:
      - '24'
      Content-Type:
      - application/json; charset=utf-8
      Date:
      - Sun, 22 Feb 2026 13:16:00 GMT
      Location:
      - https://wabi-us-central-b-primary-redirect.analysis.windows.net/v1/operations/83185ae9-22e9-4029-82ad-23ef8c12f26f
      Pragma:
      - no-cache
      RequestId:
      - a04f51f4-ab49-445e-a6dd-49be66e295bc
      Retry-After:
      - '20'
      Strict-Transport-Security:
      - max-age=31536000; includeSubDomains
      X-Content-Type-Options:
      - nosniff
      X-Frame-Options:
      - deny
      home-cluster-uri:
      - https://wabi-us-central-b-primary-redirect.analysis.windows.net/
      request-redirected:
      - 'true'
      x-ms-operation-id:
      - 83185ae9-22e9-4029-82ad-23ef8c12f26f
    status:
      code: 202
      message: Accepted
- request:
    body: null
    headers:
      Accept:
      - '*/*'
      Accept-Encoding:
      - gzip, deflate
      Connection:
      - keep-alive
      Content-Type:
      - application/json
      User-Agent:
      - ms-fabric-cli-test/1.4.0
    method: GET
    uri: https://wabi-us-central-b-primary-redirect.analysis.windows.net/v1/operations/83185ae9-22e9-4029-82ad-23ef8c12f26f
  response:
    body:
      string: '{"status": "Succeeded", "createdTimeUtc": "2026-02-22T13:16:01.7201538",
        "lastUpdatedTimeUtc": "2026-02-22T13:16:02.032654", "percentComplete": 100,
        "error": null}'
    headers:
      Access-Control-Expose-Headers:
      - RequestId,Location,x-ms-operation-id
      Cache-Control:
      - no-store, must-revalidate, no-cache
      Content-Encoding:
      - gzip
      Content-Length:
      - '130'
      Content-Type:
      - application/json; charset=utf-8
      Date:
      - Sun, 22 Feb 2026 13:16:21 GMT
      Location:
      - https://wabi-us-central-b-primary-redirect.analysis.windows.net/v1/operations/83185ae9-22e9-4029-82ad-23ef8c12f26f/result
      Pragma:
      - no-cache
      RequestId:
      - 0b70c26e-b217-4201-944b-a065ac59ca60
      Strict-Transport-Security:
      - max-age=31536000; includeSubDomains
      X-Content-Type-Options:
      - nosniff
      X-Frame-Options:
      - deny
      x-ms-operation-id:
      - 83185ae9-22e9-4029-82ad-23ef8c12f26f
    status:
      code: 200
      message: OK
- request:
    body: null
    headers:
      Accept:
      - '*/*'
      Accept-Encoding:
      - gzip, deflate
      Connection:
      - keep-alive
      Content-Type:
      - application/json
      User-Agent:
      - ms-fabric-cli-test/1.4.0
    method: GET
    uri: https://wabi-us-central-b-primary-redirect.analysis.windows.net/v1/operations/83185ae9-22e9-4029-82ad-23ef8c12f26f/result
  response:
    body:
      string: '{"definition": {"parts": [{"path": "notebook-content.ipynb", "payload":
        "eyJuYmZvcm1hdCI6NCwibmJmb3JtYXRfbWlub3IiOjUsIm1ldGFkYXRhIjp7Imxhbmd1YWdlX2luZm8iOnsibmFtZSI6InB5dGhvbiJ9LCJrZXJuZWxfaW5mbyI6eyJuYW1lIjoic3luYXBzZV9weXNwYXJrIiwianVweXRlcl9rZXJuZWxfbmFtZSI6bnVsbH0sImEzNjVDb21wdXRlT3B0aW9ucyI6bnVsbCwic2Vzc2lvbktlZXBBbGl2ZVRpbWVvdXQiOjAsImRlcGVuZGVuY2llcyI6eyJsYWtlaG91c2UiOm51bGx9fSwiY2VsbHMiOlt7ImNlbGxfdHlwZSI6ImNvZGUiLCJtZXRhZGF0YSI6eyJtaWNyb3NvZnQiOnsibGFuZ3VhZ2UiOiJweXRob24iLCJsYW5ndWFnZV9ncm91cCI6InN5bmFwc2VfcHlzcGFyayJ9fSwic291cmNlIjpbIiMgV2VsY29tZSB0byB5b3VyIG5ldyBub3RlYm9va1xuIiwiIyBUeXBlIGhlcmUgaW4gdGhlIGNlbGwgZWRpdG9yIHRvIGFkZCBjb2RlIVxuIl0sIm91dHB1dHMiOltdfV19",
        "payloadType": "InlineBase64"}, {"path": ".platform", "payload": "ewogICIkc2NoZW1hIjogImh0dHBzOi8vZGV2ZWxvcGVyLm1pY3Jvc29mdC5jb20vanNvbi1zY2hlbWFzL2ZhYnJpYy9naXRJbnRlZ3JhdGlvbi9wbGF0Zm9ybVByb3BlcnRpZXMvMi4wLjAvc2NoZW1hLmpzb24iLAogICJtZXRhZGF0YSI6IHsKICAgICJ0eXBlIjogIk5vdGVib29rIiwKICAgICJkaXNwbGF5TmFtZSI6ICJmYWJjbGkwMDAwMDEiLAogICAgImRlc2NyaXB0aW9uIjogIkNyZWF0ZWQgYnkgZmFiIgogIH0sCiAgImNvbmZpZyI6IHsKICAgICJ2ZXJzaW9uIjogIjIuMCIsCiAgICAibG9naWNhbElkIjogIjAwMDAwMDAwLTAwMDAtMDAwMC0wMDAwLTAwMDAwMDAwMDAwMCIKICB9Cn0=",
        "payloadType": "InlineBase64"}]}}'
    headers:
      Access-Control-Expose-Headers:
      - RequestId
      Cache-Control:
      - no-store, must-revalidate, no-cache
      Content-Encoding:
      - gzip
      Content-Type:
      - application/json
      Date:
      - Sun, 22 Feb 2026 13:16:22 GMT
      Pragma:
      - no-cache
      RequestId:
      - af852dfe-1d4e-4648-8cec-d06be110cba7
      Strict-Transport-Security:
      - max-age=31536000; includeSubDomains
      Transfer-Encoding:
      - chunked
      X-Content-Type-Options:
      - nosniff
      X-Frame-Options:
      - deny
    status:
      code: 200
      message: OK
- request:
    body: null
    headers:
      Accept:
      - '*/*'
      Accept-Encoding:
      - gzip, deflate
      Connection:
      - keep-alive
      Content-Type:
      - application/json
      User-Agent:
      - ms-fabric-cli-test/1.4.0
    method: GET
    uri: https://api.fabric.microsoft.com/v1/workspaces
  response:
    body:
      string: '{"value": [{"id": "3634a139-2c9e-4205-910b-3b089a31be47", "displayName":
        "My workspace", "description": "", "type": "Personal"}, {"id": "0f620d12-9ef7-4cea-ade5-731902c8cc93",
        "displayName": "fabriccli_WorkspacePerTestclass_000001", "description": "Created
        by fab", "type": "Workspace", "capacityId": "00000000-0000-0000-0000-000000000004"}]}'
    headers:
      Access-Control-Expose-Headers:
      - RequestId
      Cache-Control:
      - no-store, must-revalidate, no-cache
      Content-Encoding:
      - gzip
      Content-Length:
      - '3232'
      Content-Type:
      - application/json; charset=utf-8
      Date:
      - Sun, 22 Feb 2026 13:16:22 GMT
      Pragma:
      - no-cache
      RequestId:
      - a3081818-5f73-4c6f-8540-7703e313efaa
      Strict-Transport-Security:
      - max-age=31536000; includeSubDomains
      X-Content-Type-Options:
      - nosniff
      X-Frame-Options:
      - deny
      home-cluster-uri:
      - https://wabi-us-central-b-primary-redirect.analysis.windows.net/
      request-redirected:
      - 'true'
    status:
      code: 200
      message: OK
- request:
    body: null
    headers:
      Accept:
      - '*/*'
      Accept-Encoding:
      - gzip, deflate
      Connection:
      - keep-alive
      Content-Type:
      - application/json
      User-Agent:
      - ms-fabric-cli-test/1.4.0
    method: GET
    uri: https://api.fabric.microsoft.com/v1/workspaces/0f620d12-9ef7-4cea-ade5-731902c8cc93/items
  response:
    body:
      string: '{"value": [{"id": "87afc308-d49b-4d93-8cea-15307472b216", "type": "Notebook",
        "displayName": "fabcli000001", "description": "Created by fab", "workspaceId":
        "0f620d12-9ef7-4cea-ade5-731902c8cc93"}]}'
    headers:
      Access-Control-Expose-Headers:
      - RequestId
      Cache-Control:
      - no-store, must-revalidate, no-cache
      Content-Encoding:
      - gzip
      Content-Length:
      - '177'
      Content-Type:
      - application/json; charset=utf-8
      Date:
      - Sun, 22 Feb 2026 13:16:23 GMT
      Pragma:
      - no-cache
      RequestId:
      - 0a54a208-2308-4e0b-adf4-4e97bdc163a1
      Strict-Transport-Security:
      - max-age=31536000; includeSubDomains
      X-Content-Type-Options:
      - nosniff
      X-Frame-Options:
      - deny
      home-cluster-uri:
      - https://wabi-us-central-b-primary-redirect.analysis.windows.net/
      request-redirected:
      - 'true'
    status:
      code: 200
      message: OK
- request:
    body: null
    headers:
      Accept:
      - '*/*'
      Accept-Encoding:
      - gzip, deflate
      Connection:
      - keep-alive
      Content-Length:
      - '0'
      Content-Type:
      - application/json
      User-Agent:
      - ms-fabric-cli-test/1.4.0
    method: DELETE
    uri: https://api.fabric.microsoft.com/v1/workspaces/0f620d12-9ef7-4cea-ade5-731902c8cc93/items/87afc308-d49b-4d93-8cea-15307472b216
  response:
    body:
      string: ''
    headers:
      Access-Control-Expose-Headers:
      - RequestId
      Cache-Control:
      - no-store, must-revalidate, no-cache
      Content-Encoding:
      - gzip
      Content-Length:
      - '0'
      Content-Type:
      - application/octet-stream
      Date:
      - Sun, 22 Feb 2026 13:16:23 GMT
      Pragma:
      - no-cache
      RequestId:
      - 8e15523e-5998-4a3e-a647-06a80d169ec1
      Strict-Transport-Security:
      - max-age=31536000; includeSubDomains
      X-Content-Type-Options:
      - nosniff
      X-Frame-Options:
      - deny
      home-cluster-uri:
      - https://wabi-us-central-b-primary-redirect.analysis.windows.net/
      request-redirected:
      - 'true'
    status:
      code: 200
      message: OK
version: 1
